[2026-09-09 11:36:10] [INFO] 配置更新 (行号: 108)
[2026-09-09 11:36:10] [ERROR] 服务启动 (行号: 78)
[2026-09-09 11:36:10] [INFO] 日志轮转 (行号: 187)
[2026-09-09 11:36:10] [INFO] 健康检查通过 (行号: 110)
[2026-09-09 11:36:10] [WARN] 配置更新 (行号: 117)
[2026-09-09 11:36:10] [DEBUG] 缓存刷新 (行号: 98)
[2026-09-09 11:36:10] [WARN] 日志轮转 (行号: 58)
[2026-09-09 11:36:10] [DEBUG] 定时任务执行 (行号: 82)
[2026-09-09 11:36:10] [INFO] 日志轮转 (行号: 198)
[2026-09-09 11:36:10] [WARN] 服务启动 (行号: 173)
[2026-09-09 11:36:10] [ERROR] 配置加载失败 (行号: 7)
[2026-09-09 11:36:10] [INFO] 配置更新 (行号: 130)
[2026-09-09 11:36:10] [ERROR] 文件读取错误 (行号: 20)
[2026-09-09 11:36:10] [ERROR] 缓存刷新 (行号: 200)
[2026-09-09 11:36:10] [DEBUG] 健康检查通过 (行号: 133)
[2026-09-09 11:36:10] [ERROR] 定时任务执行 (行号: 143)
[2026-09-09 11:36:10] [WARN] 日志轮转 (行号: 89)
[2026-09-09 11:36:10] [ERROR] 用户登录成功 (行号: 134)
[2026-09-09 11:36:10] [ERROR] 连接超时 (行号: 9)
[2026-09-09 11:36:10] [INFO] 配置更新 (行号: 186)
[2026-09-09 11:36:10] [WARN] 服务启动 (行号: 125)
[2026-09-09 11:36:10] [ERROR] 日志轮转 (行号: 69)
[2026-09-09 11:36:10] [ERROR] 配置加载失败 (行号: 31)
[2026-09-09 11:36:10] [INFO] 缓存刷新 (行号: 191)
[2026-09-09 11:36:10] [DEBUG] 健康检查通过 (行号: 71)
[2026-09-09 11:36:10] [ERROR] 连接超时 (行号: 10)
[2026-09-09 11:36:10] [WARN] 数据同步完成 (行号: 85)
[2026-09-09 11:36:10] [INFO] 定时任务执行 (行号: 129)
[2026-09-09 11:36:10] [ERROR] 文件读取错误 (行号: 41)
[2026-09-09 11:36:10] [WARN] 数据同步完成 (行号: 73)
[2026-09-09 11:36:10] [ERROR] 日志轮转 (行号: 176)
[2026-09-09 11:36:10] [WARN] 用户登录成功 (行号: 60)
[2026-09-09 11:36:10] [INFO] 配置更新 (行号: 154)
[2026-09-09 11:36:10] [DEBUG] 数据同步完成 (行号: 121)
[2026-09-09 11:36:10] [DEBUG] 配置更新 (行号: 144)
[2026-09-09 11:36:10] [WARN] 定时任务执行 (行号: 64)
[2026-09-09 11:36:10] [ERROR] 文件读取错误 (行号: 46)
[2026-09-09 11:36:10] [WARN] 数据同步完成 (行号: 112)
[2026-09-09 11:36:10] [ERROR] 日志轮转 (行号: 195)
[2026-09-09 11:36:10] [ERROR] 健康检查通过 (行号: 170)
[2026-09-09 11:36:10] [INFO] 用户登录成功 (行号: 100)
[2026-09-09 11:36:10] [DEBUG] 配置更新 (行号: 157)
[2026-09-09 11:36:10] [ERROR] 连接超时 (行号: 12)
[2026-09-09 11:36:10] [WARN] 定时任务执行 (行号: 99)
[2026-09-09 11:36:10] [ERROR] 权限不足 (行号: 6)
[2026-09-09 11:36:10] [DEBUG] 缓存刷新 (行号: 196)
[2026-09-09 11:36:10] [ERROR] 内存溢出警告 (行号: 48)
[2026-09-09 11:36:10] [INFO] 定时任务执行 (行号: 86)
[2026-09-09 11:36:10] [INFO] 缓存刷新 (行号: 120)
[2026-09-09 11:36:10] [ERROR] 缓存刷新 (行号: 119)
[2026-09-09 11:36:10] [INFO] 数据同步完成 (行号: 79)
[2026-09-09 11:36:10] [ERROR] 数据库查询失败 (行号: 50)
[2026-09-09 11:36:10] [DEBUG] 配置更新 (行号: 90)
[2026-09-09 11:36:10] [INFO] 配置更新 (行号: 199)
[2026-09-09 11:36:10] [ERROR] 定时任务执行 (行号: 91)
[2026-09-09 11:36:10] [ERROR] 连接超时 (行号: 3)
[2026-09-09 11:36:10] [INFO] 配置更新 (行号: 132)
[2026-09-09 11:36:10] [DEBUG] 日志轮转 (行号: 141)
[2026-09-09 11:36:10] [ERROR] 用户登录成功 (行号: 156)
[2026-09-09 11:36:10] [ERROR] 文件读取错误 (行号: 11)
[2026-09-09 11:36:10] [INFO] 用户登录成功 (行号: 131)
[2026-09-09 11:36:10] [ERROR] 配置加载失败 (行号: 15)
[2026-09-09 11:36:10] [INFO] 缓存刷新 (行号: 70)
[2026-09-09 11:36:10] [ERROR] 服务启动 (行号: 56)
[2026-09-09 11:36:10] [ERROR] 数据同步完成 (行号: 150)
[2026-09-09 11:36:10] [INFO] 日志轮转 (行号: 188)
[2026-09-09 11:36:10] [WARN] 服务启动 (行号: 113)
[2026-09-09 11:36:10] [ERROR] 配置更新 (行号: 68)
[2026-09-09 11:36:10] [INFO] 日志轮转 (行号: 81)
[2026-09-09 11:36:10] [ERROR] 连接超时 (行号: 39)
[2026-09-09 11:36:10] [WARN] 数据同步完成 (行号: 169)
[2026-09-09 11:36:10] [ERROR] 健康检查通过 (行号: 190)
[2026-09-09 11:36:10] [ERROR] 数据库查询失败 (行号: 49)
[2026-09-09 11:36:10] [INFO] 用户登录成功 (行号: 179)
[2026-09-09 11:36:10] [WARN] 数据同步完成 (行号: 67)
[2026-09-09 11:36:10] [ERROR] 数据库查询失败 (行号: 8)
[2026-09-09 11:36:10] [ERROR] 缓存刷新 (行号: 54)
[2026-09-09 11:36:10] [WARN] 定时任务执行 (行号: 74)
[2026-09-09 11:36:10] [WARN] 服务启动 (行号: 53)
[2026-09-09 11:36:10] [ERROR] 网络中断 (行号: 14)
[2026-09-09 11:36:10] [INFO] 数据同步完成 (行号: 160)
[2026-09-09 11:36:10] [DEBUG] 用户登录成功 (行号: 183)
[2026-09-09 11:36:10] [ERROR] 数据同步完成 (行号: 66)
[2026-09-09 11:36:10] [ERROR] 定时任务执行 (行号: 136)
[2026-09-09 11:36:10] [ERROR] 日志轮转 (行号: 65)
[2026-09-09 11:36:10] [ERROR] 定时任务执行 (行号: 159)
[2026-09-09 11:36:10] [WARN] 健康检查通过 (行号: 142)
[2026-09-09 11:36:10] [ERROR] 网络中断 (行号: 5)
[2026-09-09 11:36:10] [ERROR] 内存溢出警告 (行号: 47)
[2026-09-09 11:36:10] [WARN] 日志轮转 (行号: 75)
[2026-09-09 11:36:10] [ERROR] 文件读取错误 (行号: 33)
[2026-09-09 11:36:10] [DEBUG] 定时任务执行 (行号: 52)
[2026-09-09 11:36:10] [ERROR] 权限不足 (行号: 26)
[2026-09-09 11:36:10] [ERROR] 文件读取错误 (行号: 23)
[2026-09-09 11:36:10] [ERROR] 配置更新 (行号: 184)
[2026-09-09 11:36:10] [ERROR] 配置加载失败 (行号: 21)
[2026-09-09 11:36:10] [ERROR] 定时任务执行 (行号: 103)
[2026-09-09 11:36:10] [ERROR] 定时任务执行 (行号: 80)
[2026-09-09 11:36:10] [ERROR] 服务启动 (行号: 95)
[2026-09-09 11:36:10] [ERROR] 文件读取错误 (行号: 44)
[2026-09-09 11:36:10] [WARN] 健康检查通过 (行号: 59)
[2026-09-09 11:36:10] [DEBUG] 数据同步完成 (行号: 138)
[2026-09-09 11:36:10] [WARN] 日志轮转 (行号: 151)
[2026-09-09 11:36:10] [ERROR] 内存溢出警告 (行号: 2)
[2026-09-09 11:36:10] [DEBUG] 缓存刷新 (行号: 104)
[2026-09-09 11:36:10] [ERROR] 配置加载失败 (行号: 30)
[2026-09-09 11:36:10] [WARN] 用户登录成功 (行号: 193)
[2026-09-09 11:36:10] [INFO] 服务启动 (行号: 72)
[2026-09-09 11:36:10] [INFO] 定时任务执行 (行号: 102)
[2026-09-09 11:36:10] [ERROR] 权限不足 (行号: 4)
[2026-09-09 11:36:10] [WARN] 定时任务执行 (行号: 93)
[2026-09-09 11:36:10] [ERROR] 缓存刷新 (行号: 92)
[2026-09-09 11:36:10] [INFO] 数据同步完成 (行号: 128)
[2026-09-09 11:36:10] [ERROR] 数据库查询失败 (行号: 18)
[2026-09-09 11:36:10] [ERROR] 数据库查询失败 (行号: 36)
[2026-09-09 11:36:10] [ERROR] 日志轮转 (行号: 83)
[2026-09-09 11:36:10] [ERROR] 文件读取错误 (行号: 16)
[2026-09-09 11:36:10] [WARN] 日志轮转 (行号: 105)
[2026-09-09 11:36:10] [INFO] 服务启动 (行号: 168)
[2026-09-09 11:36:10] [ERROR] 网络中断 (行号: 37)
[2026-09-09 11:36:10] [ERROR] 连接超时 (行号: 40)
[2026-09-09 11:36:10] [WARN] 健康检查通过 (行号: 145)
[2026-09-09 11:36:10] [ERROR] 连接超时 (行号: 35)
[2026-09-09 11:36:10] [INFO] 配置更新 (行号: 63)
[2026-09-09 11:36:10] [ERROR] 定时任务执行 (行号: 165)
[2026-09-09 11:36:10] [ERROR] 健康检查通过 (行号: 106)
[2026-09-09 11:36:10] [ERROR] 网络中断 (行号: 29)
[2026-09-09 11:36:10] [DEBUG] 服务启动 (行号: 148)
[2026-09-09 11:36:10] [ERROR] 日志轮转 (行号: 55)
[2026-09-09 11:36:10] [ERROR] 配置加载失败 (行号: 28)
[2026-09-09 11:36:10] [WARN] 定时任务执行 (行号: 146)
[2026-09-09 11:36:10] [ERROR] 定时任务执行 (行号: 166)
[2026-09-09 11:36:10] [ERROR] 数据库查询失败 (行号: 32)
[2026-09-09 11:36:10] [INFO] 日志轮转 (行号: 177)
[2026-09-09 11:36:10] [ERROR] 内存溢出警告 (行号: 24)
[2026-09-09 11:36:10] [WARN] 日志轮转 (行号: 140)
[2026-09-09 11:36:10] [ERROR] 用户登录成功 (行号: 163)
[2026-09-09 11:36:10] [INFO] 日志轮转 (行号: 115)
[2026-09-09 11:36:10] [WARN] 用户登录成功 (行号: 88)
[2026-09-09 11:36:10] [WARN] 用户登录成功 (行号: 126)
[2026-09-09 11:36:10] [ERROR] 用户登录成功 (行号: 118)
[2026-09-09 11:36:10] [ERROR] 数据库查询失败 (行号: 45)
[2026-09-09 11:36:10] [ERROR] 连接超时 (行号: 1)
[2026-09-09 11:36:10] [DEBUG] 日志轮转 (行号: 123)
[2026-09-09 11:36:10] [ERROR] 配置更新 (行号: 51)
[2026-09-09 11:36:10] [ERROR] 定时任务执行 (行号: 153)
[2026-09-09 11:36:10] [DEBUG] 定时任务执行 (行号: 135)
[2026-09-09 11:36:10] [INFO] 数据同步完成 (行号: 167)
[2026-09-09 11:36:10] [INFO] 配置更新 (行号: 175)
[2026-09-09 11:36:10] [ERROR] 连接超时 (行号: 25)
[2026-09-09 11:36:10] [INFO] 用户登录成功 (行号: 185)
[2026-09-09 11:36:10] [INFO] 用户登录成功 (行号: 114)
[2026-09-09 11:36:10] [ERROR] 缓存刷新 (行号: 174)
[2026-09-09 11:36:10] [DEBUG] 数据同步完成 (行号: 158)
[2026-09-09 11:36:10] [INFO] 配置更新 (行号: 192)
[2026-09-09 11:36:10] [INFO] 日志轮转 (行号: 189)
[2026-09-09 11:36:10] [WARN] 数据同步完成 (行号: 172)
[2026-09-09 11:36:10] [ERROR] 日志轮转 (行号: 57)
[2026-09-09 11:36:10] [ERROR] 定时任务执行 (行号: 194)
[2026-09-09 11:36:10] [ERROR] 权限不足 (行号: 38)
[2026-09-09 11:36:10] [DEBUG] 日志轮转 (行号: 171)
[2026-09-09 11:36:10] [WARN] 服务启动 (行号: 178)
[2026-09-09 11:36:10] [ERROR] 权限不足 (行号: 43)
[2026-09-09 11:36:10] [INFO] 日志轮转 (行号: 139)
[2026-09-09 11:36:10] [INFO] 数据同步完成 (行号: 197)
[2026-09-09 11:36:10] [INFO] 用户登录成功 (行号: 137)
[2026-09-09 11:36:10] [DEBUG] 日志轮转 (行号: 152)
[2026-09-09 11:36:10] [INFO] 服务启动 (行号: 61)
[2026-09-09 11:36:10] [ERROR] 用户登录成功 (行号: 161)
[2026-09-09 11:36:10] [ERROR] 内存溢出警告 (行号: 19)
[2026-09-09 11:36:10] [ERROR] 服务启动 (行号: 97)
[2026-09-09 11:36:10] [DEBUG] 服务启动 (行号: 101)
[2026-09-09 11:36:10] [ERROR] 配置更新 (行号: 76)
[2026-09-09 11:36:10] [ERROR] 权限不足 (行号: 42)
[2026-09-09 11:36:10] [ERROR] 内存溢出警告 (行号: 13)
[2026-09-09 11:36:10] [DEBUG] 缓存刷新 (行号: 84)
[2026-09-09 11:36:10] [WARN] 定时任务执行 (行号: 122)
[2026-09-09 11:36:10] [DEBUG] 用户登录成功 (行号: 164)
[2026-09-09 11:36:10] [ERROR] 日志轮转 (行号: 94)
[2026-09-09 11:36:10] [DEBUG] 用户登录成功 (行号: 124)
[2026-09-09 11:36:10] [DEBUG] 缓存刷新 (行号: 182)
[2026-09-09 11:36:10] [WARN] 服务启动 (行号: 180)
[2026-09-09 11:36:10] [ERROR] 内存溢出警告 (行号: 17)
[2026-09-09 11:36:10] [INFO] 用户登录成功 (行号: 155)
[2026-09-09 11:36:10] [ERROR] 日志轮转 (行号: 149)
[2026-09-09 11:36:10] [ERROR] 连接超时 (行号: 27)
[2026-09-09 11:36:10] [ERROR] 服务启动 (行号: 96)
[2026-09-09 11:36:10] [DEBUG] 数据同步完成 (行号: 127)
[2026-09-09 11:36:10] [ERROR] API调用异常 (行号: 34)
[2026-09-09 11:36:10] [ERROR] 数据库查询失败 (行号: 22)
[2026-09-09 11:36:10] [ERROR] 健康检查通过 (行号: 109)
[2026-09-09 11:36:10] [ERROR] 用户登录成功 (行号: 181)
[2026-09-09 11:36:10] [INFO] 数据同步完成 (行号: 162)
[2026-09-09 11:36:10] [ERROR] 健康检查通过 (行号: 77)
[2026-09-09 11:36:10] [DEBUG] 日志轮转 (行号: 107)
[2026-09-09 11:36:10] [INFO] 日志轮转 (行号: 62)
[2026-09-09 11:36:10] [DEBUG] 日志轮转 (行号: 87)
[2026-09-09 11:36:10] [WARN] 定时任务执行 (行号: 111)
[2026-09-09 11:36:10] [WARN] 用户登录成功 (行号: 116)
[2026-09-09 11:36:10] [DEBUG] 定时任务执行 (行号: 147)
